01:23:28 **** Incremental Build of configuration ISP for project isp_sonyimx224_default ****
make -j12 all 
/usr/bin/make --no-print-directory pre-build
rm -f ../A53_gen/inc/kmem_sym.h ../A53_gen/src/kmem.c ../ISP/*.elf
 
/usr/bin/make --no-print-directory main-build
Building file: F:/Spring_2021/Embedded_Autonomous_TA/Installations/S32DS_Vision_v2018.R1/S32DS/s32v234_sdk/isp/kernels/sony_isp/src/debayer_br_advanced.ipus
Building file: F:/Spring_2021/Embedded_Autonomous_TA/Installations/S32DS_Vision_v2018.R1/S32DS/s32v234_sdk/isp/kernels/sony_isp/src/debayer_g.ipus
Building file: F:/Spring_2021/Embedded_Autonomous_TA/Installations/S32DS_Vision_v2018.R1/S32DS/s32v234_sdk/isp/kernels/sony_isp/src/exposure_tonehdr.ipus
Building file: F:/Spring_2021/Embedded_Autonomous_TA/Installations/S32DS_Vision_v2018.R1/S32DS/s32v234_sdk/isp/kernels/sony_isp/src/lut4k_yuv444touyvy.ipus
Invoking: S32V IPUS Assembler
Invoking: S32V IPUS Assembler
Invoking: S32V IPUS Assembler
as-IPUS "@ISP_kernels/debayer_br_advanced.args" -o "ISP_kernels/debayer_br_advanced.oipus" "F:/Spring_2021/Embedded_Autonomous_TA/Installations/S32DS_Vision_v2018.R1/S32DS/s32v234_sdk/isp/kernels/sony_isp/src/debayer_br_advanced.ipus"
Building file: F:/Spring_2021/Embedded_Autonomous_TA/Installations/S32DS_Vision_v2018.R1/S32DS/s32v234_sdk/isp/kernels/sony_isp/src/vignetting.ipus
as-IPUS "@ISP_kernels/debayer_g.args" -o "ISP_kernels/debayer_g.oipus" "F:/Spring_2021/Embedded_Autonomous_TA/Installations/S32DS_Vision_v2018.R1/S32DS/s32v234_sdk/isp/kernels/sony_isp/src/debayer_g.ipus"
Invoking: S32V IPUS Assembler
as-IPUS "@ISP_kernels/lut4k_yuv444touyvy.args" -o "ISP_kernels/lut4k_yuv444touyvy.oipus" "F:/Spring_2021/Embedded_Autonomous_TA/Installations/S32DS_Vision_v2018.R1/S32DS/s32v234_sdk/isp/kernels/sony_isp/src/lut4k_yuv444touyvy.ipus"
as-IPUS "@ISP_kernels/exposure_tonehdr.args" -o "ISP_kernels/exposure_tonehdr.oipus" "F:/Spring_2021/Embedded_Autonomous_TA/Installations/S32DS_Vision_v2018.R1/S32DS/s32v234_sdk/isp/kernels/sony_isp/src/exposure_tonehdr.ipus"
Invoking: S32V IPUS Assembler
as-IPUS "@ISP_kernels/vignetting.args" -o "ISP_kernels/vignetting.oipus" "F:/Spring_2021/Embedded_Autonomous_TA/Installations/S32DS_Vision_v2018.R1/S32DS/s32v234_sdk/isp/kernels/sony_isp/src/vignetting.ipus"
Building file: F:/Spring_2021/Embedded_Autonomous_TA/Installations/S32DS_Vision_v2018.R1/S32DS/s32v234_sdk/isp/kernels/sony_isp/src/denoise.ipuv
Building file: F:/Spring_2021/Embedded_Autonomous_TA/Installations/S32DS_Vision_v2018.R1/S32DS/s32v234_sdk/isp/kernels/sony_isp/src/rgb2yuv_sint.ipuv
Finished building: F:/Spring_2021/Embedded_Autonomous_TA/Installations/S32DS_Vision_v2018.R1/S32DS/s32v234_sdk/isp/kernels/sony_isp/src/debayer_br_advanced.ipus
Finished building: F:/Spring_2021/Embedded_Autonomous_TA/Installations/S32DS_Vision_v2018.R1/S32DS/s32v234_sdk/isp/kernels/sony_isp/src/debayer_g.ipus
Invoking: S32V IPUV Assembler
Finished building: F:/Spring_2021/Embedded_Autonomous_TA/Installations/S32DS_Vision_v2018.R1/S32DS/s32v234_sdk/isp/kernels/sony_isp/src/exposure_tonehdr.ipus
as-IPUV "@ISP_kernels/denoise.args" -o "ISP_kernels/denoise.oipuv" "F:/Spring_2021/Embedded_Autonomous_TA/Installations/S32DS_Vision_v2018.R1/S32DS/s32v234_sdk/isp/kernels/sony_isp/src/denoise.ipuv"
 
Invoking: S32V IPUV Assembler
as-IPUV "@ISP_kernels/rgb2yuv_sint.args" -o "ISP_kernels/rgb2yuv_sint.oipuv" "F:/Spring_2021/Embedded_Autonomous_TA/Installations/S32DS_Vision_v2018.R1/S32DS/s32v234_sdk/isp/kernels/sony_isp/src/rgb2yuv_sint.ipuv"
 
Finished building: F:/Spring_2021/Embedded_Autonomous_TA/Installations/S32DS_Vision_v2018.R1/S32DS/s32v234_sdk/isp/kernels/sony_isp/src/lut4k_yuv444touyvy.ipus
 
Finished building: F:/Spring_2021/Embedded_Autonomous_TA/Installations/S32DS_Vision_v2018.R1/S32DS/s32v234_sdk/isp/kernels/sony_isp/src/vignetting.ipus
 
 
Finished building: F:/Spring_2021/Embedded_Autonomous_TA/Installations/S32DS_Vision_v2018.R1/S32DS/s32v234_sdk/isp/kernels/sony_isp/src/denoise.ipuv
Finished building: F:/Spring_2021/Embedded_Autonomous_TA/Installations/S32DS_Vision_v2018.R1/S32DS/s32v234_sdk/isp/kernels/sony_isp/src/rgb2yuv_sint.ipuv
 
 
Building target: isp_sonyimx224_default_ISP.elf
Invoking: S32V ISP C++ Linker
arm-none-eabi-ld -o "isp_sonyimx224_default_ISP.elf" "@isp_sonyimx224_default_ISP.args"
Finished building target: isp_sonyimx224_default_ISP.elf
 
/usr/bin/make --no-print-directory post-build
/usr/bin/make -f ../Project_Settings/Scripts/isp_kmem.mk ProjName=isp_sonyimx224_default

Generating: kmem.srec
Generating: kmem_sym.h

Generating: kmem.c
 
01:23:29 **** Build of configuration A53 for project isp_sonyimx224_default ****
make -j12 all 
/usr/bin/make --no-print-directory pre-build
rm -f ../A53_gen/src/sequencer_srec.c; /usr/bin/make -f ../Project_Settings/Scripts/seq.mk  TD="F:\Spring_2021\Embedded_Autonomous_TA\Installations\S32DS_Vision_v2018.R1\eclipse\../Cross_Tools/gcc-6.3-arm32-eabi"  VD="F:\Spring_2021\Embedded_Autonomous_TA\Installations\S32DS_Vision_v2018.R1\eclipse\../S32DS/s32v234_sdk"
Building file: ../SEQ_gen/src/static_sony_dualexp.c
Invoking: ARM32 Standard S32DS C Compiler
Finished building: ../SEQ_gen/src/static_sony_dualexp.c

Building target: ../SEQ/sequencer.elf
Invoking: ARM32 Standard S32DS C++ Linker
Finished building target: ../SEQ/sequencer.elf

Generating: ../SEQ/sequencer.run

dos2unix: converting file ../SEQ/sequencer.run to Unix format...
Generating: sequencer_srec.c
 
/usr/bin/make --no-print-directory main-build
Building file: ../A53_src/main.cpp
Building file: ../A53_gen/src/kmem.c
Building file: ../A53_gen/src/sequencer_srec.c
Building file: ../A53_gen/src/sony_dualexp.c
Invoking: Standard S32DS C++ Compiler
Invoking: Standard S32DS C Compiler
aarch64-linux-gnu-g++ "@A53_src/main.args" -MMD -MP -MF"A53_src/main.d" -MT"A53_src/main.o" -o "A53_src/main.o" "../A53_src/main.cpp"
Invoking: Standard S32DS C Compiler
aarch64-linux-gnu-gcc "@A53_gen/src/kmem.args" -MMD -MP -MF"A53_gen/src/kmem.d" -MT"A53_gen/src/kmem.o" -o "A53_gen/src/kmem.o" "../A53_gen/src/kmem.c"
Invoking: Standard S32DS C Compiler
aarch64-linux-gnu-gcc "@A53_gen/src/kmem.args" -MMD -MP -MF"A53_gen/src/sequencer_srec.d" -MT"A53_gen/src/sequencer_srec.o" -o "A53_gen/src/sequencer_srec.o" "../A53_gen/src/sequencer_srec.c"
aarch64-linux-gnu-gcc "@A53_gen/src/kmem.args" -MMD -MP -MF"A53_gen/src/sony_dualexp.d" -MT"A53_gen/src/sony_dualexp.o" -o "A53_gen/src/sony_dualexp.o" "../A53_gen/src/sony_dualexp.c"
../A53_gen/src/sequencer_srec.c:3:1: warning: string length '80800' is greater than the length '4095' ISO C99 compilers are required to support [-Woverlength-strings]
 char sequencer_srec[] = {\
 ^~~~
Finished building: ../A53_gen/src/kmem.c
 
Finished building: ../A53_gen/src/sequencer_srec.c
 
Finished building: ../A53_gen/src/sony_dualexp.c
 
Finished building: ../A53_src/main.cpp
 
Building target: s32ds_isp_sonyimx224_default.elf
Invoking: Standard S32DS C++ Linker
aarch64-linux-gnu-g++ -o "s32ds_isp_sonyimx224_default.elf" "@s32ds_isp_sonyimx224_default.args"  
Finished building target: s32ds_isp_sonyimx224_default.elf
 
Invoking: Standard S32DS Print Size
aarch64-linux-gnu-size --format=berkeley s32ds_isp_sonyimx224_default.elf
   text	   data	    bss	    dec	    hex	filename
 334232	 135792	   1376	 471400	  73168	s32ds_isp_sonyimx224_default.elf
Finished building: s32ds_isp_sonyimx224_default.siz
 
01:24:29 **** Clean-only build of configuration ISP for project isp_sonyimx224_default ****
make -j12 clean 
rm -rf  ./ISP_kernels/denoise.oipuv ./ISP_kernels/rgb2yuv_sint.oipuv  ./ISP_kernels/debayer_br_advanced.oipus ./ISP_kernels/debayer_g.oipus ./ISP_kernels/exposure_tonehdr.oipus ./ISP_kernels/lut4k_yuv444touyvy.oipus ./ISP_kernels/vignetting.oipus  isp_sonyimx224_default_ISP.elf
 
01:24:29 **** Incremental Build of configuration ISP for project isp_sonyimx224_default ****
make -j12 all 
/usr/bin/make --no-print-directory pre-build
rm -f ../A53_gen/inc/kmem_sym.h ../A53_gen/src/kmem.c ../ISP/*.elf
 
/usr/bin/make --no-print-directory main-build
Building file: F:/Spring_2021/Embedded_Autonomous_TA/Installations/S32DS_Vision_v2018.R1/S32DS/s32v234_sdk/isp/kernels/sony_isp/src/debayer_br_advanced.ipus
Building file: F:/Spring_2021/Embedded_Autonomous_TA/Installations/S32DS_Vision_v2018.R1/S32DS/s32v234_sdk/isp/kernels/sony_isp/src/debayer_g.ipus
Building file: F:/Spring_2021/Embedded_Autonomous_TA/Installations/S32DS_Vision_v2018.R1/S32DS/s32v234_sdk/isp/kernels/sony_isp/src/exposure_tonehdr.ipus
Building file: F:/Spring_2021/Embedded_Autonomous_TA/Installations/S32DS_Vision_v2018.R1/S32DS/s32v234_sdk/isp/kernels/sony_isp/src/lut4k_yuv444touyvy.ipus
Invoking: S32V IPUS Assembler
Invoking: S32V IPUS Assembler
Invoking: S32V IPUS Assembler
as-IPUS "@ISP_kernels/debayer_g.args" -o "ISP_kernels/debayer_g.oipus" "F:/Spring_2021/Embedded_Autonomous_TA/Installations/S32DS_Vision_v2018.R1/S32DS/s32v234_sdk/isp/kernels/sony_isp/src/debayer_g.ipus"
Invoking: S32V IPUS Assembler
as-IPUS "@ISP_kernels/debayer_br_advanced.args" -o "ISP_kernels/debayer_br_advanced.oipus" "F:/Spring_2021/Embedded_Autonomous_TA/Installations/S32DS_Vision_v2018.R1/S32DS/s32v234_sdk/isp/kernels/sony_isp/src/debayer_br_advanced.ipus"
Building file: F:/Spring_2021/Embedded_Autonomous_TA/Installations/S32DS_Vision_v2018.R1/S32DS/s32v234_sdk/isp/kernels/sony_isp/src/vignetting.ipus
as-IPUS "@ISP_kernels/lut4k_yuv444touyvy.args" -o "ISP_kernels/lut4k_yuv444touyvy.oipus" "F:/Spring_2021/Embedded_Autonomous_TA/Installations/S32DS_Vision_v2018.R1/S32DS/s32v234_sdk/isp/kernels/sony_isp/src/lut4k_yuv444touyvy.ipus"
as-IPUS "@ISP_kernels/exposure_tonehdr.args" -o "ISP_kernels/exposure_tonehdr.oipus" "F:/Spring_2021/Embedded_Autonomous_TA/Installations/S32DS_Vision_v2018.R1/S32DS/s32v234_sdk/isp/kernels/sony_isp/src/exposure_tonehdr.ipus"
Invoking: S32V IPUS Assembler
as-IPUS "@ISP_kernels/vignetting.args" -o "ISP_kernels/vignetting.oipus" "F:/Spring_2021/Embedded_Autonomous_TA/Installations/S32DS_Vision_v2018.R1/S32DS/s32v234_sdk/isp/kernels/sony_isp/src/vignetting.ipus"
Building file: F:/Spring_2021/Embedded_Autonomous_TA/Installations/S32DS_Vision_v2018.R1/S32DS/s32v234_sdk/isp/kernels/sony_isp/src/denoise.ipuv
Building file: F:/Spring_2021/Embedded_Autonomous_TA/Installations/S32DS_Vision_v2018.R1/S32DS/s32v234_sdk/isp/kernels/sony_isp/src/rgb2yuv_sint.ipuv
Finished building: F:/Spring_2021/Embedded_Autonomous_TA/Installations/S32DS_Vision_v2018.R1/S32DS/s32v234_sdk/isp/kernels/sony_isp/src/debayer_g.ipus
Finished building: F:/Spring_2021/Embedded_Autonomous_TA/Installations/S32DS_Vision_v2018.R1/S32DS/s32v234_sdk/isp/kernels/sony_isp/src/debayer_br_advanced.ipus
Invoking: S32V IPUV Assembler
Invoking: S32V IPUV Assembler
 
as-IPUV "@ISP_kernels/denoise.args" -o "ISP_kernels/denoise.oipuv" "F:/Spring_2021/Embedded_Autonomous_TA/Installations/S32DS_Vision_v2018.R1/S32DS/s32v234_sdk/isp/kernels/sony_isp/src/denoise.ipuv"
Finished building: F:/Spring_2021/Embedded_Autonomous_TA/Installations/S32DS_Vision_v2018.R1/S32DS/s32v234_sdk/isp/kernels/sony_isp/src/lut4k_yuv444touyvy.ipus
 
as-IPUV "@ISP_kernels/rgb2yuv_sint.args" -o "ISP_kernels/rgb2yuv_sint.oipuv" "F:/Spring_2021/Embedded_Autonomous_TA/Installations/S32DS_Vision_v2018.R1/S32DS/s32v234_sdk/isp/kernels/sony_isp/src/rgb2yuv_sint.ipuv"
 
Finished building: F:/Spring_2021/Embedded_Autonomous_TA/Installations/S32DS_Vision_v2018.R1/S32DS/s32v234_sdk/isp/kernels/sony_isp/src/vignetting.ipus
Finished building: F:/Spring_2021/Embedded_Autonomous_TA/Installations/S32DS_Vision_v2018.R1/S32DS/s32v234_sdk/isp/kernels/sony_isp/src/exposure_tonehdr.ipus
 
 
Finished building: F:/Spring_2021/Embedded_Autonomous_TA/Installations/S32DS_Vision_v2018.R1/S32DS/s32v234_sdk/isp/kernels/sony_isp/src/denoise.ipuv
Finished building: F:/Spring_2021/Embedded_Autonomous_TA/Installations/S32DS_Vision_v2018.R1/S32DS/s32v234_sdk/isp/kernels/sony_isp/src/rgb2yuv_sint.ipuv
 
 
Building target: isp_sonyimx224_default_ISP.elf
Invoking: S32V ISP C++ Linker
arm-none-eabi-ld -o "isp_sonyimx224_default_ISP.elf" "@isp_sonyimx224_default_ISP.args"
Finished building target: isp_sonyimx224_default_ISP.elf
 
/usr/bin/make --no-print-directory post-build
/usr/bin/make -f ../Project_Settings/Scripts/isp_kmem.mk ProjName=isp_sonyimx224_default

Generating: kmem.srec
Generating: kmem_sym.h
Generating: kmem.c

 
01:24:30 **** Incremental Build of configuration A53 for project isp_sonyimx224_default ****
make -j12 all 
/usr/bin/make --no-print-directory pre-build
rm -f ../A53_gen/src/sequencer_srec.c; /usr/bin/make -f ../Project_Settings/Scripts/seq.mk  TD="F:\Spring_2021\Embedded_Autonomous_TA\Installations\S32DS_Vision_v2018.R1\eclipse\../Cross_Tools/gcc-6.3-arm32-eabi"  VD="F:\Spring_2021\Embedded_Autonomous_TA\Installations\S32DS_Vision_v2018.R1\eclipse\../S32DS/s32v234_sdk"
dos2unix: converting file ../SEQ/sequencer.run to Unix format...
Generating: sequencer_srec.c
 
/usr/bin/make --no-print-directory main-build
Building file: ../A53_gen/src/kmem.c
Building file: ../A53_gen/src/sequencer_srec.c
Building file: ../A53_gen/src/sony_dualexp.c
Invoking: Standard S32DS C Compiler
Invoking: Standard S32DS C Compiler
aarch64-linux-gnu-gcc "@A53_gen/src/kmem.args" -MMD -MP -MF"A53_gen/src/sequencer_srec.d" -MT"A53_gen/src/sequencer_srec.o" -o "A53_gen/src/sequencer_srec.o" "../A53_gen/src/sequencer_srec.c"
Invoking: Standard S32DS C Compiler
aarch64-linux-gnu-gcc "@A53_gen/src/kmem.args" -MMD -MP -MF"A53_gen/src/kmem.d" -MT"A53_gen/src/kmem.o" -o "A53_gen/src/kmem.o" "../A53_gen/src/kmem.c"
aarch64-linux-gnu-gcc "@A53_gen/src/kmem.args" -MMD -MP -MF"A53_gen/src/sony_dualexp.d" -MT"A53_gen/src/sony_dualexp.o" -o "A53_gen/src/sony_dualexp.o" "../A53_gen/src/sony_dualexp.c"
../A53_gen/src/sequencer_srec.c:3:1: warning: string length '80800' is greater than the length '4095' ISO C99 compilers are required to support [-Woverlength-strings]
 char sequencer_srec[] = {\
 ^~~~
Finished building: ../A53_gen/src/kmem.c
Finished building: ../A53_gen/src/sequencer_srec.c
 
 
Finished building: ../A53_gen/src/sony_dualexp.c
 
Building target: s32ds_isp_sonyimx224_default.elf
Invoking: Standard S32DS C++ Linker
aarch64-linux-gnu-g++ -o "s32ds_isp_sonyimx224_default.elf" "@s32ds_isp_sonyimx224_default.args"  
Finished building target: s32ds_isp_sonyimx224_default.elf
 
Invoking: Standard S32DS Print Size
aarch64-linux-gnu-size --format=berkeley s32ds_isp_sonyimx224_default.elf
   text	   data	    bss	    dec	    hex	filename
 334232	 135792	   1376	 471400	  73168	s32ds_isp_sonyimx224_default.elf
Finished building: s32ds_isp_sonyimx224_default.siz
 
