Archive member included to satisfy reference by file (symbol)

F:\Spring_2021\Embedded_Autonomous_TA\Installations\S32DS_Vision_v2018.R1\eclipse\../S32DS/s32v234_sdk/isp/firmware/build-v234ce-gnu-linux-d\libsequencer.a(crt0_start-s.o)
                              (_reset)
F:\Spring_2021\Embedded_Autonomous_TA\Installations\S32DS_Vision_v2018.R1\eclipse\../S32DS/s32v234_sdk/isp/firmware/build-v234ce-gnu-linux-d\libsequencer.a(startup-c.o)
                              F:\Spring_2021\Embedded_Autonomous_TA\Installations\S32DS_Vision_v2018.R1\eclipse\../S32DS/s32v234_sdk/isp/firmware/build-v234ce-gnu-linux-d\libsequencer.a(crt0_start-s.o) (_done)
F:\Spring_2021\Embedded_Autonomous_TA\Installations\S32DS_Vision_v2018.R1\eclipse\../S32DS/s32v234_sdk/isp/firmware/build-v234ce-gnu-linux-d\libsequencer.a(seq_main-c.o)
                              F:\Spring_2021\Embedded_Autonomous_TA\Installations\S32DS_Vision_v2018.R1\eclipse\../S32DS/s32v234_sdk/isp/firmware/build-v234ce-gnu-linux-d\libsequencer.a(crt0_start-s.o) (main)
F:\Spring_2021\Embedded_Autonomous_TA\Installations\S32DS_Vision_v2018.R1\eclipse\../S32DS/s32v234_sdk/isp/firmware/build-v234ce-gnu-linux-d\libsequencer.a(seq_static-c.o)
                              F:\Spring_2021\Embedded_Autonomous_TA\Installations\S32DS_Vision_v2018.R1\eclipse\../S32DS/s32v234_sdk/isp/firmware/build-v234ce-gnu-linux-d\libsequencer.a(seq_main-c.o) (staticSequenceInit)
F:\Spring_2021\Embedded_Autonomous_TA\Installations\S32DS_Vision_v2018.R1\eclipse\../S32DS/s32v234_sdk/isp/firmware/build-v234ce-gnu-linux-d\libsequencer.a(core_regs-s.o)
                              F:\Spring_2021\Embedded_Autonomous_TA\Installations\S32DS_Vision_v2018.R1\eclipse\../S32DS/s32v234_sdk/isp/firmware/build-v234ce-gnu-linux-d\libsequencer.a(seq_main-c.o) (getPRIMASK)
F:\Spring_2021\Embedded_Autonomous_TA\Installations\S32DS_Vision_v2018.R1\eclipse\../S32DS/s32v234_sdk/isp/firmware/build-v234ce-gnu-linux-d\libsequencer.a(seq_int-c.o)
                              F:\Spring_2021\Embedded_Autonomous_TA\Installations\S32DS_Vision_v2018.R1\eclipse\../S32DS/s32v234_sdk/isp/firmware/build-v234ce-gnu-linux-d\libsequencer.a(seq_main-c.o) (gpOTHR)

Allocating common symbols
Common symbol       size              file

gpIntDevCfg         0x50              F:\Spring_2021\Embedded_Autonomous_TA\Installations\S32DS_Vision_v2018.R1\eclipse\../S32DS/s32v234_sdk/isp/firmware/build-v234ce-gnu-linux-d\libsequencer.a(seq_int-c.o)

Memory Configuration

Name             Origin             Length             Attributes
m0_0_intvec      0x00000000         0x000000c0
sram_RAM         0x00000100         0x0000af00
stack            0x0000b000         0x00001000
graph            0x0000c000         0x00004000
*default*        0x00000000         0xffffffff

Linker script and memory map

LOAD ../SEQ/src/dynamic_rgb_yuv_gs8.o
LOAD F:\Spring_2021\Embedded_Autonomous_TA\Installations\S32DS_Vision_v2018.R1\eclipse\../S32DS/s32v234_sdk/isp/firmware/build-v234ce-gnu-linux-d\libsequencer.a

.vectable       0x00000000       0x40
                0x00000000                __CM0_0_VECTOR_TABLE = .
 *(.vectable)
 .vectable      0x00000000       0x40 F:\Spring_2021\Embedded_Autonomous_TA\Installations\S32DS_Vision_v2018.R1\eclipse\../S32DS/s32v234_sdk/isp/firmware/build-v234ce-gnu-linux-d\libsequencer.a(startup-c.o)
                0x00000000                vecTab

.init
 *(.init)

.text           0x00000100     0x69c4
 *(.text*)
 .text          0x00000100        0xc ../SEQ/src/dynamic_rgb_yuv_gs8.o
                0x00000100                StaticSequencing
 .text          0x0000010c       0x3c F:\Spring_2021\Embedded_Autonomous_TA\Installations\S32DS_Vision_v2018.R1\eclipse\../S32DS/s32v234_sdk/isp/firmware/build-v234ce-gnu-linux-d\libsequencer.a(crt0_start-s.o)
                0x0000010c                _reset
                0x0000013c                _exception
 .text          0x00000148       0x28 F:\Spring_2021\Embedded_Autonomous_TA\Installations\S32DS_Vision_v2018.R1\eclipse\../S32DS/s32v234_sdk/isp/firmware/build-v234ce-gnu-linux-d\libsequencer.a(startup-c.o)
                0x00000148                _done
                0x0000014c                _comp_init
 .text          0x00000170     0x5138 F:\Spring_2021\Embedded_Autonomous_TA\Installations\S32DS_Vision_v2018.R1\eclipse\../S32DS/s32v234_sdk/isp/firmware/build-v234ce-gnu-linux-d\libsequencer.a(seq_main-c.o)
                0x00002270                initIPUpara
                0x00002310                updateProdStat
                0x0000238c                updateConsRdy
                0x0000367c                processEvent
                0x00004168                startDev
                0x0000460c                processMessage
                0x00004c60                checkUpdatedDev
                0x00004fb8                checkStartDev
                0x00005024                checkIpuFree
                0x00005038                numFreeFdmaQueue
                0x00005050                dbgPrintNum
                0x000051c4                exceptionHL
                0x0000527c                fatalError
 .text.startup  0x000052a8       0x68 F:\Spring_2021\Embedded_Autonomous_TA\Installations\S32DS_Vision_v2018.R1\eclipse\../S32DS/s32v234_sdk/isp/firmware/build-v234ce-gnu-linux-d\libsequencer.a(seq_main-c.o)
                0x000052a8                main
 .text          0x00005310      0x538 F:\Spring_2021\Embedded_Autonomous_TA\Installations\S32DS_Vision_v2018.R1\eclipse\../S32DS/s32v234_sdk/isp/firmware/build-v234ce-gnu-linux-d\libsequencer.a(seq_static-c.o)
                0x0000531c                staticSequenceInit
                0x00005334                staticSequence
                0x000054b8                staticSequenceWaitFinish
                0x0000553c                staticSequenceEventIPU
                0x00005580                staticSequenceJpeg4
                0x000057e4                initIPUnode
                0x00005820                initFDMAnode
 .text          0x00005848       0x1c F:\Spring_2021\Embedded_Autonomous_TA\Installations\S32DS_Vision_v2018.R1\eclipse\../S32DS/s32v234_sdk/isp/firmware/build-v234ce-gnu-linux-d\libsequencer.a(core_regs-s.o)
                0x00005848                getSP
                0x0000584c                getIPSR
                0x00005852                getPRIMASK
                0x0000585a                getCONTROL
 .text          0x00005864     0x1260 F:\Spring_2021\Embedded_Autonomous_TA\Installations\S32DS_Vision_v2018.R1\eclipse\../S32DS/s32v234_sdk/isp/firmware/build-v234ce-gnu-linux-d\libsequencer.a(seq_int-c.o)
                0x00005864                SEQ_IdmaHndl
                0x00005868                SEQ_EngineHndl
                0x00005b70                SEQ_HostEvntDoneHndl
                0x00005b84                SEQ_HostMsgHndl
                0x00005ba0                SEQ_HostOutAckHndl
                0x00005bd4                SEQ_FdmaErrHndl
                0x00005bf8                SEQ_ErrHndl
                0x00005c24                SEQ_DfltHndl
                0x00005c50                SEQ_ExecuteEvents
                0x000067a8                SEQ_EvntRegIntDev
                0x0000690c                SEQ_EvntInit
                0x00006a08                procOthrEvent
                0x00006a80                procIpuEvent

.glue_7         0x00006ac4        0x0
 .glue_7        0x00006ac4        0x0 linker stubs

.glue_7t        0x00006ac4        0x0
 .glue_7t       0x00006ac4        0x0 linker stubs

.vfp11_veneer   0x00006ac4        0x0
 .vfp11_veneer  0x00006ac4        0x0 linker stubs

.v4_bx          0x00006ac4        0x0
 .v4_bx         0x00006ac4        0x0 linker stubs

.iplt           0x00006ac4        0x0
 .iplt          0x00006ac4        0x0 ../SEQ/src/dynamic_rgb_yuv_gs8.o

.rodata         0x00006ac4      0x340
 *(.rodata*)
 .rodata        0x00006ac4       0xac F:\Spring_2021\Embedded_Autonomous_TA\Installations\S32DS_Vision_v2018.R1\eclipse\../S32DS/s32v234_sdk/isp/firmware/build-v234ce-gnu-linux-d\libsequencer.a(seq_main-c.o)
                0x00006b64                gcIntDmaAddr
                0x00006b68                gcClkCtrlAddr
                0x00006b6c                gcEvntCtrlAddr
 .rodata.str1.4
                0x00006b70      0x13e F:\Spring_2021\Embedded_Autonomous_TA\Installations\S32DS_Vision_v2018.R1\eclipse\../S32DS/s32v234_sdk/isp/firmware/build-v234ce-gnu-linux-d\libsequencer.a(seq_main-c.o)
 *fill*         0x00006cae        0x2 
 .rodata        0x00006cb0       0xb0 F:\Spring_2021\Embedded_Autonomous_TA\Installations\S32DS_Vision_v2018.R1\eclipse\../S32DS/s32v234_sdk/isp/firmware/build-v234ce-gnu-linux-d\libsequencer.a(seq_int-c.o)
 .rodata.str1.4
                0x00006d60       0xa4 F:\Spring_2021\Embedded_Autonomous_TA\Installations\S32DS_Vision_v2018.R1\eclipse\../S32DS/s32v234_sdk/isp/firmware/build-v234ce-gnu-linux-d\libsequencer.a(seq_int-c.o)
                                 0xb3 (size before relaxing)

.rel.dyn        0x00006e04        0x0
 .rel.iplt      0x00006e04        0x0 ../SEQ/src/dynamic_rgb_yuv_gs8.o

.sdabase
 *(.sdabase*)

.sdata
 *(.sdata*)

.sdata2
 *(.sdata2*)

.sbss
 *(.sbss*)

.data           0x00006e10        0x8
 *(.data*)
 .data          0x00006e10        0x0 ../SEQ/src/dynamic_rgb_yuv_gs8.o
 .data          0x00006e10        0x0 F:\Spring_2021\Embedded_Autonomous_TA\Installations\S32DS_Vision_v2018.R1\eclipse\../S32DS/s32v234_sdk/isp/firmware/build-v234ce-gnu-linux-d\libsequencer.a(crt0_start-s.o)
 .data          0x00006e10        0x0 F:\Spring_2021\Embedded_Autonomous_TA\Installations\S32DS_Vision_v2018.R1\eclipse\../S32DS/s32v234_sdk/isp/firmware/build-v234ce-gnu-linux-d\libsequencer.a(startup-c.o)
 .data          0x00006e10        0x8 F:\Spring_2021\Embedded_Autonomous_TA\Installations\S32DS_Vision_v2018.R1\eclipse\../S32DS/s32v234_sdk/isp/firmware/build-v234ce-gnu-linux-d\libsequencer.a(seq_main-c.o)
                0x00006e10                gOutMsgFree
 .data          0x00006e18        0x0 F:\Spring_2021\Embedded_Autonomous_TA\Installations\S32DS_Vision_v2018.R1\eclipse\../S32DS/s32v234_sdk/isp/firmware/build-v234ce-gnu-linux-d\libsequencer.a(seq_static-c.o)
 .data          0x00006e18        0x0 F:\Spring_2021\Embedded_Autonomous_TA\Installations\S32DS_Vision_v2018.R1\eclipse\../S32DS/s32v234_sdk/isp/firmware/build-v234ce-gnu-linux-d\libsequencer.a(core_regs-s.o)
 .data          0x00006e18        0x0 F:\Spring_2021\Embedded_Autonomous_TA\Installations\S32DS_Vision_v2018.R1\eclipse\../S32DS/s32v234_sdk/isp/firmware/build-v234ce-gnu-linux-d\libsequencer.a(seq_int-c.o)

.igot.plt       0x00006e18        0x0
 .igot.plt      0x00006e18        0x0 ../SEQ/src/dynamic_rgb_yuv_gs8.o

.bss            0x00006e20      0x82c
                0x00006e20                __bss_start__ = .
 *(.bss*)
 .bss           0x00006e20        0x0 ../SEQ/src/dynamic_rgb_yuv_gs8.o
 .bss           0x00006e20        0x0 F:\Spring_2021\Embedded_Autonomous_TA\Installations\S32DS_Vision_v2018.R1\eclipse\../S32DS/s32v234_sdk/isp/firmware/build-v234ce-gnu-linux-d\libsequencer.a(crt0_start-s.o)
 .bss           0x00006e20        0x0 F:\Spring_2021\Embedded_Autonomous_TA\Installations\S32DS_Vision_v2018.R1\eclipse\../S32DS/s32v234_sdk/isp/firmware/build-v234ce-gnu-linux-d\libsequencer.a(startup-c.o)
 .bss           0x00006e20      0x568 F:\Spring_2021\Embedded_Autonomous_TA\Installations\S32DS_Vision_v2018.R1\eclipse\../S32DS/s32v234_sdk/isp/firmware/build-v234ce-gnu-linux-d\libsequencer.a(seq_main-c.o)
                0x00006e20                gpJPEGdecCons
                0x00006e40                gIPUSdone
                0x00006e44                gNumIpusRun
                0x00006e54                gIPUVdone
                0x00006e58                gNumIpuvRun
                0x00006e60                gNumFdmaRun
                0x00006ea8                gFDMAdone
                0x00006eac                gOTHRdone
                0x00006eb0                gpBuf
                0x00006eb4                gInputLines
                0x00006ec0                gpMIPI0
                0x00006ec4                gNumCamLines
                0x00006ec8                gpMIPI1
                0x00006ecc                gpVIU0
                0x00006ed0                gpVIU1
                0x00006ed4                gpH264enc
                0x00006ed8                gpH264dec
                0x00006edc                gpJPEGdec
                0x00006ee4                gpDBG
                0x00006ef4                gNumH264EncRun
                0x00006efc                gpGraph
                0x00007384                gpcDBGend
 .bss           0x00007388      0x14c F:\Spring_2021\Embedded_Autonomous_TA\Installations\S32DS_Vision_v2018.R1\eclipse\../S32DS/s32v234_sdk/isp/firmware/build-v234ce-gnu-linux-d\libsequencer.a(seq_static-c.o)
                0x00007388                sStaticSeq
 .bss           0x000074d4        0x0 F:\Spring_2021\Embedded_Autonomous_TA\Installations\S32DS_Vision_v2018.R1\eclipse\../S32DS/s32v234_sdk/isp/firmware/build-v234ce-gnu-linux-d\libsequencer.a(core_regs-s.o)
 .bss           0x000074d4      0x128 F:\Spring_2021\Embedded_Autonomous_TA\Installations\S32DS_Vision_v2018.R1\eclipse\../S32DS/s32v234_sdk/isp/firmware/build-v234ce-gnu-linux-d\libsequencer.a(seq_int-c.o)
                0x000074d8                gpIPUS
                0x00007518                gpIPUV
                0x00007538                gIntDevCnt
                0x0000753c                gpOTHR
                0x000075fc                __bss_end__ = .
 COMMON         0x000075fc       0x50 F:\Spring_2021\Embedded_Autonomous_TA\Installations\S32DS_Vision_v2018.R1\eclipse\../S32DS/s32v234_sdk/isp/firmware/build-v234ce-gnu-linux-d\libsequencer.a(seq_int-c.o)
                0x000075fc                gpIntDevCfg

.stack          0x0000b000        0x0
                0x0000b000                __CM0_0_STACK_BOTTOM = .

.graph          0x0000c000        0x0
                0x0000bffc                __CM0_0_STACK_ADDRESS = (. - 0x4)
                0x0000c000                __graph_start = .
OUTPUT(../SEQ/sequencer.elf elf32-littlearm)

.debug_info     0x00000000     0xdfdf
 .debug_info    0x00000000      0x95c ../SEQ/src/dynamic_rgb_yuv_gs8.o
 .debug_info    0x0000095c      0x965 F:\Spring_2021\Embedded_Autonomous_TA\Installations\S32DS_Vision_v2018.R1\eclipse\../S32DS/s32v234_sdk/isp/firmware/build-v234ce-gnu-linux-d\libsequencer.a(startup-c.o)
 .debug_info    0x000012c1     0x8c64 F:\Spring_2021\Embedded_Autonomous_TA\Installations\S32DS_Vision_v2018.R1\eclipse\../S32DS/s32v234_sdk/isp/firmware/build-v234ce-gnu-linux-d\libsequencer.a(seq_main-c.o)
 .debug_info    0x00009f25     0x167d F:\Spring_2021\Embedded_Autonomous_TA\Installations\S32DS_Vision_v2018.R1\eclipse\../S32DS/s32v234_sdk/isp/firmware/build-v234ce-gnu-linux-d\libsequencer.a(seq_static-c.o)
 .debug_info    0x0000b5a2     0x2a3d F:\Spring_2021\Embedded_Autonomous_TA\Installations\S32DS_Vision_v2018.R1\eclipse\../S32DS/s32v234_sdk/isp/firmware/build-v234ce-gnu-linux-d\libsequencer.a(seq_int-c.o)

.debug_abbrev   0x00000000     0x10e3
 .debug_abbrev  0x00000000      0x1c4 ../SEQ/src/dynamic_rgb_yuv_gs8.o
 .debug_abbrev  0x000001c4      0x1f3 F:\Spring_2021\Embedded_Autonomous_TA\Installations\S32DS_Vision_v2018.R1\eclipse\../S32DS/s32v234_sdk/isp/firmware/build-v234ce-gnu-linux-d\libsequencer.a(startup-c.o)
 .debug_abbrev  0x000003b7      0x4f1 F:\Spring_2021\Embedded_Autonomous_TA\Installations\S32DS_Vision_v2018.R1\eclipse\../S32DS/s32v234_sdk/isp/firmware/build-v234ce-gnu-linux-d\libsequencer.a(seq_main-c.o)
 .debug_abbrev  0x000008a8      0x3b5 F:\Spring_2021\Embedded_Autonomous_TA\Installations\S32DS_Vision_v2018.R1\eclipse\../S32DS/s32v234_sdk/isp/firmware/build-v234ce-gnu-linux-d\libsequencer.a(seq_static-c.o)
 .debug_abbrev  0x00000c5d      0x486 F:\Spring_2021\Embedded_Autonomous_TA\Installations\S32DS_Vision_v2018.R1\eclipse\../S32DS/s32v234_sdk/isp/firmware/build-v234ce-gnu-linux-d\libsequencer.a(seq_int-c.o)

.debug_aranges  0x00000000       0xa8
 .debug_aranges
                0x00000000       0x20 ../SEQ/src/dynamic_rgb_yuv_gs8.o
 .debug_aranges
                0x00000020       0x20 F:\Spring_2021\Embedded_Autonomous_TA\Installations\S32DS_Vision_v2018.R1\eclipse\../S32DS/s32v234_sdk/isp/firmware/build-v234ce-gnu-linux-d\libsequencer.a(startup-c.o)
 .debug_aranges
                0x00000040       0x28 F:\Spring_2021\Embedded_Autonomous_TA\Installations\S32DS_Vision_v2018.R1\eclipse\../S32DS/s32v234_sdk/isp/firmware/build-v234ce-gnu-linux-d\libsequencer.a(seq_main-c.o)
 .debug_aranges
                0x00000068       0x20 F:\Spring_2021\Embedded_Autonomous_TA\Installations\S32DS_Vision_v2018.R1\eclipse\../S32DS/s32v234_sdk/isp/firmware/build-v234ce-gnu-linux-d\libsequencer.a(seq_static-c.o)
 .debug_aranges
                0x00000088       0x20 F:\Spring_2021\Embedded_Autonomous_TA\Installations\S32DS_Vision_v2018.R1\eclipse\../S32DS/s32v234_sdk/isp/firmware/build-v234ce-gnu-linux-d\libsequencer.a(seq_int-c.o)

.debug_line     0x00000000     0x2a90
 .debug_line    0x00000000      0x229 ../SEQ/src/dynamic_rgb_yuv_gs8.o
 .debug_line    0x00000229      0x1cc F:\Spring_2021\Embedded_Autonomous_TA\Installations\S32DS_Vision_v2018.R1\eclipse\../S32DS/s32v234_sdk/isp/firmware/build-v234ce-gnu-linux-d\libsequencer.a(startup-c.o)
 .debug_line    0x000003f5     0x1da7 F:\Spring_2021\Embedded_Autonomous_TA\Installations\S32DS_Vision_v2018.R1\eclipse\../S32DS/s32v234_sdk/isp/firmware/build-v234ce-gnu-linux-d\libsequencer.a(seq_main-c.o)
 .debug_line    0x0000219c      0x3a6 F:\Spring_2021\Embedded_Autonomous_TA\Installations\S32DS_Vision_v2018.R1\eclipse\../S32DS/s32v234_sdk/isp/firmware/build-v234ce-gnu-linux-d\libsequencer.a(seq_static-c.o)
 .debug_line    0x00002542      0x54e F:\Spring_2021\Embedded_Autonomous_TA\Installations\S32DS_Vision_v2018.R1\eclipse\../S32DS/s32v234_sdk/isp/firmware/build-v234ce-gnu-linux-d\libsequencer.a(seq_int-c.o)

.debug_str      0x00000000     0x3948
 .debug_str     0x00000000      0x68d ../SEQ/src/dynamic_rgb_yuv_gs8.o
                                0x6df (size before relaxing)
 .debug_str     0x0000068d       0xcd F:\Spring_2021\Embedded_Autonomous_TA\Installations\S32DS_Vision_v2018.R1\eclipse\../S32DS/s32v234_sdk/isp/firmware/build-v234ce-gnu-linux-d\libsequencer.a(startup-c.o)
                                0x666 (size before relaxing)
 .debug_str     0x0000075a     0x2f66 F:\Spring_2021\Embedded_Autonomous_TA\Installations\S32DS_Vision_v2018.R1\eclipse\../S32DS/s32v234_sdk/isp/firmware/build-v234ce-gnu-linux-d\libsequencer.a(seq_main-c.o)
                               0x366c (size before relaxing)
 .debug_str     0x000036c0      0x14b F:\Spring_2021\Embedded_Autonomous_TA\Installations\S32DS_Vision_v2018.R1\eclipse\../S32DS/s32v234_sdk/isp/firmware/build-v234ce-gnu-linux-d\libsequencer.a(seq_static-c.o)
                                0xe42 (size before relaxing)
 .debug_str     0x0000380b      0x13d F:\Spring_2021\Embedded_Autonomous_TA\Installations\S32DS_Vision_v2018.R1\eclipse\../S32DS/s32v234_sdk/isp/firmware/build-v234ce-gnu-linux-d\libsequencer.a(seq_int-c.o)
                               0x1240 (size before relaxing)

.comment        0x00000000       0x7e
 .comment       0x00000000       0x7e ../SEQ/src/dynamic_rgb_yuv_gs8.o
                                 0x7f (size before relaxing)
 .comment       0x0000007e       0x7f F:\Spring_2021\Embedded_Autonomous_TA\Installations\S32DS_Vision_v2018.R1\eclipse\../S32DS/s32v234_sdk/isp/firmware/build-v234ce-gnu-linux-d\libsequencer.a(startup-c.o)
 .comment       0x0000007e       0x7f F:\Spring_2021\Embedded_Autonomous_TA\Installations\S32DS_Vision_v2018.R1\eclipse\../S32DS/s32v234_sdk/isp/firmware/build-v234ce-gnu-linux-d\libsequencer.a(seq_main-c.o)
 .comment       0x0000007e       0x7f F:\Spring_2021\Embedded_Autonomous_TA\Installations\S32DS_Vision_v2018.R1\eclipse\../S32DS/s32v234_sdk/isp/firmware/build-v234ce-gnu-linux-d\libsequencer.a(seq_static-c.o)
 .comment       0x0000007e       0x7f F:\Spring_2021\Embedded_Autonomous_TA\Installations\S32DS_Vision_v2018.R1\eclipse\../S32DS/s32v234_sdk/isp/firmware/build-v234ce-gnu-linux-d\libsequencer.a(seq_int-c.o)

.ARM.attributes
                0x00000000       0x31
 .ARM.attributes
                0x00000000       0x31 ../SEQ/src/dynamic_rgb_yuv_gs8.o
 .ARM.attributes
                0x00000031       0x23 F:\Spring_2021\Embedded_Autonomous_TA\Installations\S32DS_Vision_v2018.R1\eclipse\../S32DS/s32v234_sdk/isp/firmware/build-v234ce-gnu-linux-d\libsequencer.a(crt0_start-s.o)
 .ARM.attributes
                0x00000054       0x31 F:\Spring_2021\Embedded_Autonomous_TA\Installations\S32DS_Vision_v2018.R1\eclipse\../S32DS/s32v234_sdk/isp/firmware/build-v234ce-gnu-linux-d\libsequencer.a(startup-c.o)
 .ARM.attributes
                0x00000085       0x31 F:\Spring_2021\Embedded_Autonomous_TA\Installations\S32DS_Vision_v2018.R1\eclipse\../S32DS/s32v234_sdk/isp/firmware/build-v234ce-gnu-linux-d\libsequencer.a(seq_main-c.o)
 .ARM.attributes
                0x000000b6       0x31 F:\Spring_2021\Embedded_Autonomous_TA\Installations\S32DS_Vision_v2018.R1\eclipse\../S32DS/s32v234_sdk/isp/firmware/build-v234ce-gnu-linux-d\libsequencer.a(seq_static-c.o)
 .ARM.attributes
                0x000000e7       0x23 F:\Spring_2021\Embedded_Autonomous_TA\Installations\S32DS_Vision_v2018.R1\eclipse\../S32DS/s32v234_sdk/isp/firmware/build-v234ce-gnu-linux-d\libsequencer.a(core_regs-s.o)
 .ARM.attributes
                0x0000010a       0x31 F:\Spring_2021\Embedded_Autonomous_TA\Installations\S32DS_Vision_v2018.R1\eclipse\../S32DS/s32v234_sdk/isp/firmware/build-v234ce-gnu-linux-d\libsequencer.a(seq_int-c.o)

.debug_frame    0x00000000      0x66c
 .debug_frame   0x00000000       0x20 ../SEQ/src/dynamic_rgb_yuv_gs8.o
 .debug_frame   0x00000020       0x30 F:\Spring_2021\Embedded_Autonomous_TA\Installations\S32DS_Vision_v2018.R1\eclipse\../S32DS/s32v234_sdk/isp/firmware/build-v234ce-gnu-linux-d\libsequencer.a(startup-c.o)
 .debug_frame   0x00000050      0x3a0 F:\Spring_2021\Embedded_Autonomous_TA\Installations\S32DS_Vision_v2018.R1\eclipse\../S32DS/s32v234_sdk/isp/firmware/build-v234ce-gnu-linux-d\libsequencer.a(seq_main-c.o)
 .debug_frame   0x000003f0      0x104 F:\Spring_2021\Embedded_Autonomous_TA\Installations\S32DS_Vision_v2018.R1\eclipse\../S32DS/s32v234_sdk/isp/firmware/build-v234ce-gnu-linux-d\libsequencer.a(seq_static-c.o)
 .debug_frame   0x000004f4      0x178 F:\Spring_2021\Embedded_Autonomous_TA\Installations\S32DS_Vision_v2018.R1\eclipse\../S32DS/s32v234_sdk/isp/firmware/build-v234ce-gnu-linux-d\libsequencer.a(seq_int-c.o)

.debug_loc      0x00000000    0x10166
 .debug_loc     0x00000000       0x20 F:\Spring_2021\Embedded_Autonomous_TA\Installations\S32DS_Vision_v2018.R1\eclipse\../S32DS/s32v234_sdk/isp/firmware/build-v234ce-gnu-linux-d\libsequencer.a(startup-c.o)
 .debug_loc     0x00000020     0xd277 F:\Spring_2021\Embedded_Autonomous_TA\Installations\S32DS_Vision_v2018.R1\eclipse\../S32DS/s32v234_sdk/isp/firmware/build-v234ce-gnu-linux-d\libsequencer.a(seq_main-c.o)
 .debug_loc     0x0000d297      0xbaf F:\Spring_2021\Embedded_Autonomous_TA\Installations\S32DS_Vision_v2018.R1\eclipse\../S32DS/s32v234_sdk/isp/firmware/build-v234ce-gnu-linux-d\libsequencer.a(seq_static-c.o)
 .debug_loc     0x0000de46     0x2320 F:\Spring_2021\Embedded_Autonomous_TA\Installations\S32DS_Vision_v2018.R1\eclipse\../S32DS/s32v234_sdk/isp/firmware/build-v234ce-gnu-linux-d\libsequencer.a(seq_int-c.o)

.debug_ranges   0x00000000     0x1d10
 .debug_ranges  0x00000000     0x1570 F:\Spring_2021\Embedded_Autonomous_TA\Installations\S32DS_Vision_v2018.R1\eclipse\../S32DS/s32v234_sdk/isp/firmware/build-v234ce-gnu-linux-d\libsequencer.a(seq_main-c.o)
 .debug_ranges  0x00001570       0x58 F:\Spring_2021\Embedded_Autonomous_TA\Installations\S32DS_Vision_v2018.R1\eclipse\../S32DS/s32v234_sdk/isp/firmware/build-v234ce-gnu-linux-d\libsequencer.a(seq_static-c.o)
 .debug_ranges  0x000015c8      0x748 F:\Spring_2021\Embedded_Autonomous_TA\Installations\S32DS_Vision_v2018.R1\eclipse\../S32DS/s32v234_sdk/isp/firmware/build-v234ce-gnu-linux-d\libsequencer.a(seq_int-c.o)
